Symbol name: sz        	Value: 2	type: 1: MDEFINE
Symbol name: abc       	Value: 4444	type: 1: MDEFINE
Symbol name: szff      	Value: 2	type: 1: MDEFINE
Symbol name: ab44c     	Value: 4444	type: 1: MDEFINE
Symbol name: l6grfgdfen	Value: 4	type: 1: MDEFINE
Symbol name: len       	Value: 4	type: 1: MDEFINE
Symbol name: sz1       	Value: 2	type: 1: MDEFINE
Symbol name: abc1      	Value: 4444	type: 1: MDEFINE
Symbol name: szff2     	Value: 2	type: 1: MDEFINE
Symbol name: ab44c2    	Value: 4444	type: 1: MDEFINE
Symbol name: l6grfgdfen2	Value: 4	type: 1: MDEFINE
Symbol name: len2      	Value: 4	type: 1: MDEFINE
