Symbol name: xxx       	Value: 6	type: 1: MDEFINE
Symbol name: LABELK    	Value: 0	type: 3: DATA
Symbol name: ANOTHER   	Value: 6	type: 3: DATA
Symbol name: AVIV      	Value: 9	type: 3: DATA
Symbol name: Moshe     	Value: 10	type: 3: DATA
Symbol name: DAVID     	Value: 19	type: 3: DATA
Symbol name: HELLO     	Value: 0	type: 5: EXTERN
